// Jest Snapshot v1, https://goo.gl/fbAQLP

exports[`Message renders error messages 1`] = `
<Styled(Elevated)
  level={1}
>
  <FlexRowContainer>
    text
  </FlexRowContainer>
</Styled(Elevated)>
`;

exports[`Message renders warning messages 1`] = `
<Styled(Elevated)
  level={1}
>
  <FlexRowContainer>
    text
  </FlexRowContainer>
</Styled(Elevated)>
`;
