// Jest Snapshot v1, https://goo.gl/fbAQLP

exports[`Message renders error messages 1`] = `
<Styled(Component)
  level={1}
>
  <Component>
    text
  </Component>
</Styled(Component)>
`;

exports[`Message renders warning messages 1`] = `
<Styled(Component)
  level={1}
>
  <Component>
    text
  </Component>
</Styled(Component)>
`;
